note: Running TeX ...
warning: accessing absolute path `/usr/share/fonts/truetype/dejavu/DejaVuSerif.ttf`; build may not be reproducible in other environments
warning: accessing absolute path `/usr/share/fonts/truetype/dejavu/DejaVuSerif-Bold.ttf`; build may not be reproducible in other environments
warning: accessing absolute path `/usr/share/fonts/truetype/dejavu/DejaVuSans-Bold.ttf`; build may not be reproducible in other environments
warning: accessing absolute path `/usr/share/fonts/truetype/dejavu/DejaVuSans.ttf`; build may not be reproducible in other environments
warning: accessing absolute path `/usr/share/fonts/truetype/dejavu/DejaVuSansMono.ttf`; build may not be reproducible in other environments
warning: accessing absolute path `/usr/share/fonts/truetype/dejavu/DejaVuSansMono-Oblique.ttf`; build may not be reproducible in other environments
warning: accessing absolute path `/usr/share/fonts/truetype/dejavu/DejaVuSansMono-Bold.ttf`; build may not be reproducible in other environments
warning: accessing absolute path `/usr/share/fonts/truetype/dejavu/DejaVuSansMono-BoldOblique.ttf`; build may not be reproducible in other environments
warning: main_en.tex:258: Underfull \hbox (badness 4805) in paragraph at lines 258--258
warning: main_en.tex:258: Underfull \hbox (badness 10000) in paragraph at lines 258--258
warning: main_en.tex:376: Overfull \hbox (27.84732pt too wide) in paragraph at lines 375--376
warning: main_en.tex:486: Underfull \hbox (badness 2269) in paragraph at lines 486--486
warning: main_en.tex:486: Underfull \hbox (badness 10000) in paragraph at lines 486--486
warning: main_en.tex:486: Underfull \hbox (badness 10000) in paragraph at lines 486--486
warning: main_en.tex:486: Underfull \hbox (badness 10000) in paragraph at lines 486--486
warning: main_en.tex:524: Underfull \hbox (badness 2027) in paragraph at lines 523--524
note: Running BibTeX on main_en.aux ...
note: Rerunning TeX because bibtex was run ...
warning: main_en.tex:258: Underfull \hbox (badness 4805) in paragraph at lines 258--258
warning: main_en.tex:258: Underfull \hbox (badness 10000) in paragraph at lines 258--258
warning: main_en.tex:376: Overfull \hbox (27.84732pt too wide) in paragraph at lines 375--376
warning: main_en.tex:486: Underfull \hbox (badness 2269) in paragraph at lines 486--486
warning: main_en.tex:486: Underfull \hbox (badness 10000) in paragraph at lines 486--486
warning: main_en.tex:486: Underfull \hbox (badness 10000) in paragraph at lines 486--486
warning: main_en.tex:486: Underfull \hbox (badness 10000) in paragraph at lines 486--486
warning: main_en.tex:524: Underfull \hbox (badness 2027) in paragraph at lines 523--524
note: Rerunning TeX because "main_en.aux" changed ...
warning: main_en.tex:258: Underfull \hbox (badness 4805) in paragraph at lines 258--258
warning: main_en.tex:258: Underfull \hbox (badness 10000) in paragraph at lines 258--258
warning: main_en.tex:376: Overfull \hbox (27.84732pt too wide) in paragraph at lines 375--376
warning: main_en.tex:486: Underfull \hbox (badness 2269) in paragraph at lines 486--486
warning: main_en.tex:486: Underfull \hbox (badness 10000) in paragraph at lines 486--486
warning: main_en.tex:486: Underfull \hbox (badness 10000) in paragraph at lines 486--486
warning: main_en.tex:486: Underfull \hbox (badness 10000) in paragraph at lines 486--486
warning: main_en.tex:524: Underfull \hbox (badness 2027) in paragraph at lines 523--524
warning: warnings were issued by the TeX engine; use --print and/or --keep-logs for details.
note: Running xdvipdfmx ...
note: Writing `main_en.pdf` (298.99609375 KiB)
note: Writing `main_en.aux` (21.7587890625 KiB)
note: Writing `main_en.toc` (5.4990234375 KiB)
note: Writing `main_en.blg` (194 B)
note: Writing `main_en.log` (25.623046875 KiB)
note: Writing `main_en.bbl` (6.265625 KiB)
note: Writing `main_en.out` (14.4462890625 KiB)
